<?xml version="1.0" encoding="UTF-8"?>
<testsuites name="orama-e2e-e2e-ab12" tests="7" failures="4" skipped="2">
  <testsuite name="smoke" tests="1" failures="0" skipped="0">
    <testcase name="TestHealth_ok" classname="smoke" time="0.400"></testcase>
  </testsuite>
  <testsuite name="auth-siwe" tests="4" failures="3" skipped="1">
    <testcase name="TestVerify_replay" classname="auth-siwe" time="2.000">
      <failure message="failed (flaky)">    verify_test.go:40: want 401, got 200&#xA;</failure>
    </testcase>
    <testcase name="TestVerify_devices" classname="auth-siwe" time="3.000">
      <failure message="failed (unknown)"></failure>
    </testcase>
    <testcase name="TestVerify_devices/es256" classname="auth-siwe" time="1.000">
      <failure message="failed (deterministic)">    device_test.go:9: DER refused&#xA;</failure>
    </testcase>
    <testcase name="TestVerify_solana" classname="auth-siwe" time="0.000">
      <skipped message="not covered: not applicable: SIWS disabled on this cluster"></skipped>
    </testcase>
  </testsuite>
  <testsuite name="broken" tests="1" failures="1" skipped="0">
    <testcase name="(package)" classname="broken" time="0.000">
      <failure message="package failed">features/broken/x_test.go:3:1: syntax error&#xA;</failure>
    </testcase>
  </testsuite>
  <testsuite name="kill-voter" tests="1" failures="0" skipped="1">
    <testcase name="(package)" classname="kill-voter" time="0.000">
      <skipped message="the feature package produced no result"></skipped>
    </testcase>
  </testsuite>
</testsuites>
